f2 f2 f2

# add feature
$ git branch -v
* dev      2106ad6 [ahead 5] simply pairs of create and delete.
  master   4da3956 Merge branch 'develop' for closing
$ git checkout -b feature1
$ vim git-branching-model.txt
$ git commit
$ git checkout dev
$ git merge --no-ff feature1

# A successful Git branching model
https://nvie.com/posts/a-successful-git-branching-model/
A successful Git branching model
By Vincent Driessen

First of all, please see above post.

I learn it.
So I use

 * master
 * develop
 * freature
 * release

branches.

I use them by each role

$ git config merge.ff false
    or
$ git config --global merge.ff false

# simply pairs of create and delete
https://www.git-tower.com/learn/git/faq/delete-remote-branch

$ git checkout -b develop
$ git branch --set-upstream-to master

$ git branch -d develop
$ git push origin --delete develop

## how to make new remote branch and upstream
$ git checkout -b dev

$ git branch -v
* dev    a6e36dd $ git push origin --delete develop
  master 4da3956 Merge branch 'develop' for closing

$ git branch --set-upstream-to master
Branch 'dev' set up to track local branch 'master'.

$ git branch -v
* dev    a6e36dd [ahead 1] $ git push origin --delete develop
  master 4da3956 Merge branch 'develop' for closing

"a6e36dd" の後に "[ahead 1]" が付いている。

## how to cycle develop at local

$ vim git-branching-model.txt
editing...

$ git diff git-branching-model.txt
....

$ git commit git-branching-model.txt

$ git status .
On branch dev
Your branch is ahead of 'master' by 3 commits.
  (use "git push" to publish your local commits)

## how to connect local develop to remote

$ git push origin dev

or simply

$ git push origin

## how to delete local and remote upstream branch
https://www.git-tower.com/learn/git/faq/delete-remote-branch
$ git branch -d develop
$ git push origin --delete develop

