# A successful Git branching model
https://nvie.com/posts/a-successful-git-branching-model/
A successful Git branching model
By Vincent Driessen

# First of all, please see above post.

I learn it.
So I use

 * master
 * develop
 * freature
 * release

branches.

I use them by each role

## please set 'merge.ff'
$ git config merge.ff false
    or
$ git config --global merge.ff false

# git command summary

## simply and instant pairs opration of create and delete a branch
https://www.git-tower.com/learn/git/faq/delete-remote-branch

$ git checkout -b review-my-research
$ git branch --set-upstream-to master

$ vim git-branching-model.txt

$ git checkout dev
$ git branch -v
* dev                61bacbe [ahead 23] miss to change branch.
  master             4da3956 Merge branch 'develop' for closing
  review-my-research 444bbeb [ahead 22] recatoring

$ git merge review-my-research

$ git branch -d review-my-research
$ git push origin --delete review-my-research

## how to make new remote branch and upstream
$ git checkout -b dev

$ git branch -v
* dev    a6e36dd $ git push origin --delete develop
  master 4da3956 Merge branch 'develop' for closing

$ git branch --set-upstream-to master
Branch 'dev' set up to track local branch 'master'.

$ git branch -v
* dev    a6e36dd [ahead 1] $ git push origin --delete develop
  master 4da3956 Merge branch 'develop' for closing

"a6e36dd" の後に "[ahead 1]" が付いている。

## how to cycle develop at local

$ vim git-branching-model.txt
editing...

$ git diff git-branching-model.txt
....

$ git commit git-branching-model.txt

$ git status .
On branch dev
Your branch is ahead of 'master' by 3 commits.
  (use "git push" to publish your local commits)

## how to connect local develop to remote

$ git push origin dev

## how to delete local and remote upstream branch
https://www.git-tower.com/learn/git/faq/delete-remote-branch
$ git branch -d develop
$ git push origin --delete develop

## parallel develop with feature2 and feature3 branches on dev branch.

### current status of branch

$ git branch -v
* dev      2106ad6 [ahead 5] simply pairs of create and delete.
  master   4da3956 Merge branch 'develop' for closing

### make feature2 and feature3 branches on dev branch
$ git checkout -b feature2
$ git checkout -b feature3 dev

### change branch to feature2
$ git checkout feature2

### some times repeat
$ vim git-branching-model.txt
$ git commit

### change branch to feature3
$ git checkout feature3

### some times repeat
$ vim git-branching-model.txt
$ git commit

### organize branches to dev
$ git checkout dev

#### merge
$ git merge feature2

* If you don't set or make sense "merge.ff"
$ git merge --no-ff feature2

#### push local change and merge to remote
$ git push origin

### delete local branches
$ git branch -d feature2
$ git branch -d feature3

## delete origin/HEAD
$ git branch -r -v
  origin/HEAD   -> origin/master
  origin/master d0c6bcb Merge branch 'dev'

$ git remote set-head origin -d

$ git branch -r -v
  origin/master d0c6bcb Merge branch 'dev'
